./gradlew : WARNING: 
A restricted method 
in java.lang.System 
has been called
At line:1 char:1
+ ./gradlew 
compileDebugJava > 
build_output.txt 
2>&1; cat 
build_output. ...
+ ~~~~~~~~~~~~~~~~~~~
~~~~~~~~~~~~~~~~~~~~~
~~~~~~~~~~
    + CategoryInfo   
           : NotSpe  
  cified: (WARNING   
 : A rest...has b    
een called:Strin    
g) [], RemoteExc    
eption
    + FullyQualified 
   ErrorId : Native  
  CommandError
 
WARNING: java.lang.Sy
stem::load has been 
called by net.rubygra
pefruit.platform.inte
rnal.NativeLibraryLoa
der in an unnamed 
module (file:/C:/User
s/akank/.gradle/wrapp
er/dists/gradle-8.13-
bin/5xuhj0ry160q40clu
lazy9h7d/gradle-8.13/
lib/native-platform-0
.22-milestone-28.jar)
WARNING: Use --enable
-native-access=ALL-UN
NAMED to avoid a 
warning for callers 
in this module
WARNING: Restricted 
methods will be 
blocked in a future 
release unless 
native access is 
enabled

> Task :app:preBuild UP-TO-DATE
> Task :app:preDebugBuild UP-TO-DATE
> Task :app:dataBindingMergeDependencyArtifactsDebug UP-TO-DATE
> Task :app:generateDebugResValues UP-TO-DATE
> Task :app:generateDebugResources UP-TO-DATE
> Task :app:processDebugGoogleServices UP-TO-DATE
> Task :app:mergeDebugResources UP-TO-DATE
> Task :app:packageDebugResources UP-TO-DATE
> Task :app:processDebugNavigationResources UP-TO-DATE
> Task :app:parseDebugLocalResources UP-TO-DATE
> Task :app:dataBindingGenBaseClassesDebug UP-TO-DATE
> Task :app:javaPreCompileDebug UP-TO-DATE
> Task :app:checkDebugAarMetadata UP-TO-DATE
> Task :app:compileDebugNavigationResources UP-TO-DATE
> Task :app:mapDebugSourceSetPaths UP-TO-DATE
> Task :app:createDebugCompatibleScreenManifests UP-TO-DATE
> Task :app:extractDeepLinksDebug UP-TO-DATE
> Task :app:processDebugMainManifest UP-TO-DATE
> Task :app:processDebugManifest UP-TO-DATE
> Task :app:processDebugManifestForPackage UP-TO-DATE
> Task :app:processDebugResources UP-TO-DATE

> Task :app:compileDebugJavaWithJavac FAILED
C:\Users\akank\Downlo
ads\Threads-Clone-And
roid\app\src\main\jav
a\com\harsh\shah\thre
ads\clone\activities\
HashtagActivity.java:
102: error: method 
does not override or 
implement a method 
from a supertype
    @Override
    ^
Note: Some input 
files use or 
override a 
deprecated API.
Note: Recompile with 
-Xlint:deprecation 
for details.
Note: Some input 
files use unchecked 
or unsafe operations.
Note: Recompile with 
-Xlint:unchecked for 
details.
1 error

[Incubating] Problems report is available at: file:///C:/Users/akank/Downloads/Threads-Clone-Android/build/reports/problems/problems-report.html

FAILURE: Build 
failed with an 
exception.

* What went wrong:
Execution failed for 
task ':app:compileDeb
ugJavaWithJavac'.
> Compilation 
failed; see the 
compiler output 
below.
  C:\Users\akank\Down
loads\Threads-Clone-A
ndroid\app\src\main\j
ava\com\harsh\shah\th
reads\clone\activitie
s\HashtagActivity.jav
a:102: error: method 
does not override or 
implement a method 
from a supertype
      @Override
      ^
  Note: Some input 
files use or 
override a 
deprecated API.
  Note: Recompile 
with 
-Xlint:deprecation 
for details.
  Note: Some input 
files use unchecked 
or unsafe operations.
  Note: Recompile 
with 
-Xlint:unchecked for 
details.
  1 error

* Try:
> Check your code 
and dependencies to 
fix the compilation 
error(s)
> Run with --scan to 
get full insights.

Deprecated Gradle features were used in this build, making it incompatible with Gradle 9.0.

You can use '--warning-mode all' to show the individual deprecation warnings and determine if they come from your own scripts or plugins.

For more on this, please refer to https://docs.gradle.org/8.13/userguide/command_line_interface.html#sec:command_line_warnings in the Gradle documentation.

BUILD FAILED in 3s
20 actionable tasks: 1 executed, 19 up-to-date
